<?php return array (
  0 => 'Symfony\\Bundle\\FrameworkBundle\\EventListener\\SessionListener',
  1 => 'Symfony\\Component\\HttpFoundation\\Session\\Storage\\SessionStorageInterface',
  2 => 'Symfony\\Component\\HttpFoundation\\Session\\Storage\\NativeSessionStorage',
  3 => 'Symfony\\Component\\HttpFoundation\\Session\\Storage\\Handler\\FileSessionHandler',
  4 => 'Symfony\\Component\\HttpFoundation\\Session\\Storage\\Proxy\\AbstractProxy',
  5 => 'Symfony\\Component\\HttpFoundation\\Session\\Storage\\Proxy\\SessionHandlerProxy',
  6 => 'Symfony\\Component\\HttpFoundation\\Session\\Session',
  8 => 'Symfony\\Component\\Routing\\Matcher\\UrlMatcherInterface',
  9 => 'Symfony\\Component\\Routing\\Generator\\UrlGeneratorInterface',
  10 => 'Symfony\\Component\\Routing\\RouterInterface',
  11 => 'Symfony\\Component\\Routing\\Matcher\\UrlMatcher',
  12 => 'Symfony\\Component\\Routing\\Generator\\UrlGenerator',
  13 => 'Symfony\\Component\\Routing\\Matcher\\RedirectableUrlMatcherInterface',
  14 => 'Symfony\\Component\\Routing\\RequestContextAwareInterface',
  15 => 'Symfony\\Component\\Routing\\RequestContext',
  16 => 'Symfony\\Component\\Routing\\Router',
  17 => 'Symfony\\Bundle\\FrameworkBundle\\Routing\\RedirectableUrlMatcher',
  18 => 'Symfony\\Bundle\\FrameworkBundle\\Routing\\Router',
  19 => 'Symfony\\Bundle\\FrameworkBundle\\Templating\\GlobalVariables',
  20 => 'Symfony\\Bundle\\FrameworkBundle\\Templating\\EngineInterface',
  21 => 'Symfony\\Component\\Templating\\StreamingEngineInterface',
  22 => 'Symfony\\Component\\Templating\\TemplateNameParserInterface',
  23 => 'Symfony\\Component\\Templating\\TemplateNameParser',
  24 => 'Symfony\\Component\\Templating\\EngineInterface',
  25 => 'Symfony\\Component\\Config\\FileLocatorInterface',
  26 => 'Symfony\\Component\\Templating\\TemplateReferenceInterface',
  27 => 'Symfony\\Component\\Templating\\TemplateReference',
  28 => 'Symfony\\Bundle\\FrameworkBundle\\Templating\\TemplateReference',
  29 => 'Symfony\\Bundle\\FrameworkBundle\\Templating\\TemplateNameParser',
  30 => 'Symfony\\Bundle\\FrameworkBundle\\Templating\\Loader\\TemplateLocator',
  31 => 'Symfony\\Component\\Templating\\PhpEngine',
  32 => 'Symfony\\Component\\Templating\\Loader\\LoaderInterface',
  33 => 'Symfony\\Component\\Templating\\Storage\\Storage',
  34 => 'Symfony\\Component\\Templating\\Storage\\FileStorage',
  35 => 'Symfony\\Bundle\\FrameworkBundle\\Templating\\PhpEngine',
  36 => 'Symfony\\Bundle\\FrameworkBundle\\Templating\\Loader\\FilesystemLoader',
  37 => 'Symfony\\Component\\HttpFoundation\\ParameterBag',
  38 => 'Symfony\\Component\\HttpFoundation\\HeaderBag',
  39 => 'Symfony\\Component\\HttpFoundation\\FileBag',
  40 => 'Symfony\\Component\\HttpFoundation\\ServerBag',
  41 => 'Symfony\\Component\\HttpFoundation\\Request',
  42 => 'Symfony\\Component\\HttpFoundation\\Response',
  43 => 'Symfony\\Component\\HttpFoundation\\ResponseHeaderBag',
  44 => 'Symfony\\Component\\Config\\FileLocator',
  45 => 'Symfony\\Component\\EventDispatcher\\EventDispatcherInterface',
  46 => 'Symfony\\Component\\EventDispatcher\\EventDispatcher',
  47 => 'Symfony\\Component\\EventDispatcher\\Event',
  48 => 'Symfony\\Component\\EventDispatcher\\EventSubscriberInterface',
  49 => 'Symfony\\Component\\EventDispatcher\\ContainerAwareEventDispatcher',
  50 => 'Symfony\\Component\\HttpKernel\\HttpKernel',
  51 => 'Symfony\\Component\\HttpKernel\\EventListener\\ResponseListener',
  52 => 'Symfony\\Component\\HttpKernel\\EventListener\\RouterListener',
  53 => 'Symfony\\Component\\HttpKernel\\Controller\\ControllerResolver',
  54 => 'Symfony\\Component\\HttpKernel\\Controller\\ControllerResolverInterface',
  55 => 'Symfony\\Component\\HttpKernel\\Event\\KernelEvent',
  56 => 'Symfony\\Component\\HttpKernel\\Event\\FilterControllerEvent',
  57 => 'Symfony\\Component\\HttpKernel\\Event\\FilterResponseEvent',
  58 => 'Symfony\\Component\\HttpKernel\\Event\\GetResponseEvent',
  59 => 'Symfony\\Component\\HttpKernel\\Event\\GetResponseForControllerResultEvent',
  60 => 'Symfony\\Component\\HttpKernel\\Event\\GetResponseForExceptionEvent',
  61 => 'Symfony\\Component\\HttpKernel\\KernelEvents',
  62 => 'Symfony\\Component\\HttpKernel\\Config\\FileLocator',
  63 => 'Symfony\\Bundle\\FrameworkBundle\\Controller\\ControllerNameParser',
  64 => 'Symfony\\Bundle\\FrameworkBundle\\Controller\\ControllerResolver',
  65 => 'Symfony\\Bundle\\FrameworkBundle\\HttpKernel',
  66 => 'Symfony\\Component\\Security\\Http\\Firewall',
  67 => 'Symfony\\Component\\Security\\Http\\FirewallMapInterface',
  68 => 'Symfony\\Component\\Security\\Core\\SecurityContext',
  69 => 'Symfony\\Component\\Security\\Core\\SecurityContextInterface',
  70 => 'Symfony\\Component\\Security\\Core\\User\\UserProviderInterface',
  71 => 'Symfony\\Component\\Security\\Core\\Authentication\\AuthenticationProviderManager',
  72 => 'Symfony\\Component\\Security\\Core\\Authentication\\AuthenticationManagerInterface',
  73 => 'Symfony\\Component\\Security\\Core\\Authorization\\AccessDecisionManager',
  74 => 'Symfony\\Component\\Security\\Core\\Authorization\\AccessDecisionManagerInterface',
  75 => 'Symfony\\Component\\Security\\Core\\Authorization\\Voter\\VoterInterface',
  76 => 'Symfony\\Bundle\\SecurityBundle\\Security\\FirewallMap',
  77 => 'Symfony\\Bundle\\SecurityBundle\\Security\\FirewallContext',
  78 => 'Symfony\\Component\\HttpFoundation\\RequestMatcher',
  79 => 'Symfony\\Component\\HttpFoundation\\RequestMatcherInterface',
  80 => 'Twig_Environment',
  81 => 'Twig_ExtensionInterface',
  82 => 'Twig_Extension',
  83 => 'Twig_Extension_Core',
  84 => 'Twig_Extension_Escaper',
  85 => 'Twig_Extension_Optimizer',
  86 => 'Twig_LoaderInterface',
  87 => 'Twig_Markup',
  88 => 'Twig_TemplateInterface',
  89 => 'Twig_Template',
  90 => 'Monolog\\Formatter\\FormatterInterface',
  91 => 'Monolog\\Formatter\\LineFormatter',
  92 => 'Monolog\\Handler\\HandlerInterface',
  93 => 'Monolog\\Handler\\AbstractHandler',
  94 => 'Monolog\\Handler\\AbstractProcessingHandler',
  95 => 'Monolog\\Handler\\StreamHandler',
  96 => 'Monolog\\Handler\\FingersCrossedHandler',
  97 => 'Monolog\\Handler\\TestHandler',
  98 => 'Monolog\\Logger',
  99 => 'Symfony\\Bridge\\Monolog\\Logger',
  100 => 'Symfony\\Bridge\\Monolog\\Handler\\DebugHandler',
  101 => 'JMS\\DiExtraBundle\\HttpKernel\\ControllerResolver',
);